// Jest Snapshot v1, https://goo.gl/fbAQLP

exports[`App component should render App component 1`] = `
<div>
  <div
    id="schedule"
  >
    <Schedule
      ramsSchedule={Array []}
    />
  </div>
</div>
`;
